// Jest Snapshot v1, https://goo.gl/fbAQLP

exports[`<Home /> should render correctly 1`] = `
<div
  className="Home"
>
  <h1>
    Something.
  </h1>
  <p>
    An open source project and issue management app that doesn't suck!
  </p>
  <div
    className="Home__btnHolder"
  >
    <Button
      block={false}
      ghost={false}
      href="/account/login"
      loading={false}
      prefixCls="ant-btn"
      size="large"
      type="primary"
    >
      Login
    </Button>
    <Button
      block={false}
      ghost={false}
      href="/account/register"
      loading={false}
      prefixCls="ant-btn"
      size="large"
    >
      Register
    </Button>
  </div>
</div>
`;
