// Jest Snapshot v1, https://goo.gl/fbAQLP

exports[`<Home /> should render correctly 1`] = `
<div
  className="Home"
>
  <p
    className="Home__title"
  >
    Something.
  </p>
  <div
    className="Home__gallery"
  >
    <img
      src="https://www.colorbook.io/imagecreator.php?hex=E7E5F1&width=500&height=300&text=WebApp"
    />
  </div>
  <p
    className="Home__boast"
  >
    An open source project and issue management app that doesn't suck!
  </p>
  <div
    className="Home__btns"
  >
    <a
      className="promo-btn"
      href="/account/login"
    >
      GET SOMETHING
    </a>
  </div>
</div>
`;
